###############################################################################
#
# IAR ELF Linker V7.30.1.7746/W32 for ARM                 04/Aug/2016  01:13:33
# Copyright 2007-2014 IAR Systems AB.
#
#    Output file  =  
#        C:\Users\Pranav\Documents\IAR Embedded
#        Workbench\IAR-STM32F051R8-SK\Arduino_STM32\Arduino_STM32\Debug\Exe\cpp.out
#    Map file     =  
#        C:\Users\Pranav\Documents\IAR Embedded
#        Workbench\IAR-STM32F051R8-SK\Arduino_STM32\Arduino_STM32\Debug\List\cpp.map
#    Command line =  
#        "C:\Users\Pranav\Documents\IAR Embedded
#        Workbench\IAR-STM32F051R8-SK\Arduino_STM32\Arduino_STM32\Debug\Obj\ardADC.o"
#        "C:\Users\Pranav\Documents\IAR Embedded
#        Workbench\IAR-STM32F051R8-SK\Arduino_STM32\Arduino_STM32\Debug\Obj\ardCOMP.o"
#        "C:\Users\Pranav\Documents\IAR Embedded
#        Workbench\IAR-STM32F051R8-SK\Arduino_STM32\Arduino_STM32\Debug\Obj\ardCRC.o"
#        "C:\Users\Pranav\Documents\IAR Embedded
#        Workbench\IAR-STM32F051R8-SK\Arduino_STM32\Arduino_STM32\Debug\Obj\ardDAC.o"
#        "C:\Users\Pranav\Documents\IAR Embedded
#        Workbench\IAR-STM32F051R8-SK\Arduino_STM32\Arduino_STM32\Debug\Obj\ardGPIO.o"
#        "C:\Users\Pranav\Documents\IAR Embedded
#        Workbench\IAR-STM32F051R8-SK\Arduino_STM32\Arduino_STM32\Debug\Obj\ardTIM.o"
#        "C:\Users\Pranav\Documents\IAR Embedded
#        Workbench\IAR-STM32F051R8-SK\Arduino_STM32\Arduino_STM32\Debug\Obj\ardUSART.o"
#        "C:\Users\Pranav\Documents\IAR Embedded
#        Workbench\IAR-STM32F051R8-SK\Arduino_STM32\Arduino_STM32\Debug\Obj\main.o"
#        "C:\Users\Pranav\Documents\IAR Embedded
#        Workbench\IAR-STM32F051R8-SK\Arduino_STM32\Arduino_STM32\Debug\Obj\startup_stm32f0xx.o"
#        "C:\Users\Pranav\Documents\IAR Embedded
#        Workbench\IAR-STM32F051R8-SK\Arduino_STM32\Arduino_STM32\Debug\Obj\stm32f0xx_adc.o"
#        "C:\Users\Pranav\Documents\IAR Embedded
#        Workbench\IAR-STM32F051R8-SK\Arduino_STM32\Arduino_STM32\Debug\Obj\stm32f0xx_can.o"
#        "C:\Users\Pranav\Documents\IAR Embedded
#        Workbench\IAR-STM32F051R8-SK\Arduino_STM32\Arduino_STM32\Debug\Obj\stm32f0xx_cec.o"
#        "C:\Users\Pranav\Documents\IAR Embedded
#        Workbench\IAR-STM32F051R8-SK\Arduino_STM32\Arduino_STM32\Debug\Obj\stm32f0xx_comp.o"
#        "C:\Users\Pranav\Documents\IAR Embedded
#        Workbench\IAR-STM32F051R8-SK\Arduino_STM32\Arduino_STM32\Debug\Obj\stm32f0xx_crc.o"
#        "C:\Users\Pranav\Documents\IAR Embedded
#        Workbench\IAR-STM32F051R8-SK\Arduino_STM32\Arduino_STM32\Debug\Obj\stm32f0xx_crs.o"
#        "C:\Users\Pranav\Documents\IAR Embedded
#        Workbench\IAR-STM32F051R8-SK\Arduino_STM32\Arduino_STM32\Debug\Obj\stm32f0xx_dac.o"
#        "C:\Users\Pranav\Documents\IAR Embedded
#        Workbench\IAR-STM32F051R8-SK\Arduino_STM32\Arduino_STM32\Debug\Obj\stm32f0xx_dbgmcu.o"
#        "C:\Users\Pranav\Documents\IAR Embedded
#        Workbench\IAR-STM32F051R8-SK\Arduino_STM32\Arduino_STM32\Debug\Obj\stm32f0xx_dma.o"
#        "C:\Users\Pranav\Documents\IAR Embedded
#        Workbench\IAR-STM32F051R8-SK\Arduino_STM32\Arduino_STM32\Debug\Obj\stm32f0xx_exti.o"
#        "C:\Users\Pranav\Documents\IAR Embedded
#        Workbench\IAR-STM32F051R8-SK\Arduino_STM32\Arduino_STM32\Debug\Obj\stm32f0xx_flash.o"
#        "C:\Users\Pranav\Documents\IAR Embedded
#        Workbench\IAR-STM32F051R8-SK\Arduino_STM32\Arduino_STM32\Debug\Obj\stm32f0xx_gpio.o"
#        "C:\Users\Pranav\Documents\IAR Embedded
#        Workbench\IAR-STM32F051R8-SK\Arduino_STM32\Arduino_STM32\Debug\Obj\stm32f0xx_i2c.o"
#        "C:\Users\Pranav\Documents\IAR Embedded
#        Workbench\IAR-STM32F051R8-SK\Arduino_STM32\Arduino_STM32\Debug\Obj\stm32f0xx_it.o"
#        "C:\Users\Pranav\Documents\IAR Embedded
#        Workbench\IAR-STM32F051R8-SK\Arduino_STM32\Arduino_STM32\Debug\Obj\stm32f0xx_iwdg.o"
#        "C:\Users\Pranav\Documents\IAR Embedded
#        Workbench\IAR-STM32F051R8-SK\Arduino_STM32\Arduino_STM32\Debug\Obj\stm32f0xx_misc.o"
#        "C:\Users\Pranav\Documents\IAR Embedded
#        Workbench\IAR-STM32F051R8-SK\Arduino_STM32\Arduino_STM32\Debug\Obj\stm32f0xx_pwr.o"
#        "C:\Users\Pranav\Documents\IAR Embedded
#        Workbench\IAR-STM32F051R8-SK\Arduino_STM32\Arduino_STM32\Debug\Obj\stm32f0xx_rcc.o"
#        "C:\Users\Pranav\Documents\IAR Embedded
#        Workbench\IAR-STM32F051R8-SK\Arduino_STM32\Arduino_STM32\Debug\Obj\stm32f0xx_rtc.o"
#        "C:\Users\Pranav\Documents\IAR Embedded
#        Workbench\IAR-STM32F051R8-SK\Arduino_STM32\Arduino_STM32\Debug\Obj\stm32f0xx_spi.o"
#        "C:\Users\Pranav\Documents\IAR Embedded
#        Workbench\IAR-STM32F051R8-SK\Arduino_STM32\Arduino_STM32\Debug\Obj\stm32f0xx_syscfg.o"
#        "C:\Users\Pranav\Documents\IAR Embedded
#        Workbench\IAR-STM32F051R8-SK\Arduino_STM32\Arduino_STM32\Debug\Obj\stm32f0xx_tim.o"
#        "C:\Users\Pranav\Documents\IAR Embedded
#        Workbench\IAR-STM32F051R8-SK\Arduino_STM32\Arduino_STM32\Debug\Obj\stm32f0xx_usart.o"
#        "C:\Users\Pranav\Documents\IAR Embedded
#        Workbench\IAR-STM32F051R8-SK\Arduino_STM32\Arduino_STM32\Debug\Obj\stm32f0xx_wwdg.o"
#        "C:\Users\Pranav\Documents\IAR Embedded
#        Workbench\IAR-STM32F051R8-SK\Arduino_STM32\Arduino_STM32\Debug\Obj\system_stm32f0xx.o"
#        -o "C:\Users\Pranav\Documents\IAR Embedded
#        Workbench\IAR-STM32F051R8-SK\Arduino_STM32\Arduino_STM32\Debug\Exe\cpp.out"
#        --redirect _Printf=_PrintfFull --redirect _Scanf=_ScanfFull --map
#        "C:\Users\Pranav\Documents\IAR Embedded
#        Workbench\IAR-STM32F051R8-SK\Arduino_STM32\Arduino_STM32\Debug\List\cpp.map"
#        --log libraries,initialization,modules --log_file
#        "C:\Users\Pranav\Documents\IAR Embedded
#        Workbench\IAR-STM32F051R8-SK\Arduino_STM32\Arduino_STM32\Debug\List\cpp.log"
#        --config "C:\Program Files (x86)\IAR Systems\Embedded Workbench
#        7.0\arm\config\linker\ST\stm32f051x8.icf" --semihosting --entry
#        __iar_program_start --no_exceptions --no_vfe
#
###############################################################################

*******************************************************************************
*** RUNTIME MODEL ATTRIBUTES
***

CppFlavor                     = *
__CPP_Language                = EC++
__Heap_Handler                = Basic
__SystemLibrary               = DLib
__dlib_dynamic_initialization = normal


*******************************************************************************
*** PLACEMENT SUMMARY
***

"A1":  place at 0x08000000 { ro section .intvec };
"P1":  place in [from 0x08000000 to 0x0800ffff] { ro };
"P2":  place in [from 0x20000000 to 0x20001fff] { rw, block CSTACK, block HEAP };

  Section             Kind        Address    Size  Object
  -------             ----        -------    ----  ------
"A1":                                        0xc0
  .intvec             ro code  0x08000000    0xc0  startup_stm32f0xx.o [1]
                             - 0x080000c0    0xc0

"P1":                                      0x246c
  .text               ro code  0x080000c0   0x3cc  ardUSART.o [1]
  .text               ro code  0x0800048c    0xc6  ardGPIO.o [1]
  .text               ro code  0x08000552    0x2a  zero_init3.o [5]
  .text               ro code  0x0800057c   0x280  stm32f0xx_rcc.o [1]
  .text               ro code  0x080007fc   0x1fe  stm32f0xx_usart.o [1]
  .text               ro code  0x080009fa     0x2  startup_stm32f0xx.o [1]
  .text               ro code  0x080009fc    0x78  stm32f0xx_misc.o [1]
  .text               ro code  0x08000a74    0xe0  I32DivModFast.o [5]
  .text               ro code  0x08000b54    0x34  ABImemset.o [5]
  .text               ro code  0x08000b88    0x10  strlen.o [5]
  .text               ro code  0x08000b98   0x132  stm32f0xx_gpio.o [1]
  .text               ro code  0x08000cca     0x2  startup_stm32f0xx.o [1]
  .text               ro code  0x08000ccc     0x2  IntDivZer.o [5]
  .text               ro code  0x08000cce     0x2  startup_stm32f0xx.o [1]
  .text               ro code  0x08000cd0   0x380  ardTIM.o [1]
  .text               ro code  0x08001050    0x34  ABImemcpy.o [5]
  .text               ro code  0x08001084   0x324  stm32f0xx_tim.o [1]
  .text               ro code  0x080013a8   0x2d0  main.o [1]
  .text               ro code  0x08001678   0x12c  ardADC.o [1]
  .text               ro code  0x080017a4    0x94  ardDAC.o [1]
  .text               ro code  0x08001838    0x44  ardCRC.o [1]
  .text               ro code  0x0800187c    0x28  newop_0.o [4]
  .text               ro code  0x080018a4   0x124  stm32f0xx_adc.o [1]
  .text               ro code  0x080019c8    0xd8  stm32f0xx_dac.o [1]
  .text               ro code  0x08001aa0    0x88  stm32f0xx_crc.o [1]
  .text               ro code  0x08001b28     0x8  nomemory.o [4]
  .text               ro code  0x08001b30    0xb8  xxmemxmalloc.o [3]
  .text               ro code  0x08001be8     0xa  abort.o [3]
  .text               ro code  0x08001bf2     0x2  startup_stm32f0xx.o [1]
  .text               ro code  0x08001bf4    0x88  xxmemxfree.o [3]
  .text               ro code  0x08001c7c    0x2c  xgetmemchunk.o [3]
  .text               ro code  0x08001ca8    0x14  exit.o [6]
  .text               ro code  0x08001cbc   0x27c  stm32f0xx_it.o [1]
  .text               ro code  0x08001f38    0x32  I64Mul.o [5]
  .text               ro code  0x08001f6a    0x6a  I64DivMod.o [5]
  .text               ro code  0x08001fd4     0x2  I64DivZer.o [5]
  .text               ro code  0x08001fd6     0x2  startup_stm32f0xx.o [1]
  .text               ro code  0x08001fd8   0x160  system_stm32f0xx.o [1]
  .rodata             const    0x08002138    0x40  ardTIM.o [1]
  .rodata             const    0x08002178    0x40  ardTIM.o [1]
  .rodata             const    0x080021b8    0x40  ardTIM.o [1]
  .rodata             const    0x080021f8    0x40  ardTIM.o [1]
  .rodata             const    0x08002238    0x40  ardTIM.o [1]
  .rodata             const    0x08002278    0x40  ardTIM.o [1]
  .rodata             const    0x080022b8    0x40  ardTIM.o [1]
  .rodata             const    0x080022f8    0x40  ardTIM.o [1]
  .rodata             const    0x08002338    0x40  ardTIM.o [1]
  .rodata             const    0x08002378    0x40  ardTIM.o [1]
  .text               ro code  0x080023b8    0x30  copy_init3.o [5]
  .text               ro code  0x080023e8    0x28  startup_stm32f0xx.o [1]
  .text               ro code  0x08002410    0x28  data_init.o [5]
  .iar.init_table     const    0x08002438    0x28  - Linker created -
  .text               ro code  0x08002460    0x20  cmain_call_ctors.o [5]
  .text               ro code  0x08002480    0x18  cppinit.o [3]
  .text               ro code  0x08002498    0x1a  cmain.o [5]
  .text               ro code  0x080024b2     0x4  low_level_init.o [3]
  .text               ro code  0x080024b6     0x8  exit.o [3]
  .text               ro code  0x080024be     0x2  startup_stm32f0xx.o [1]
  .text               ro code  0x080024c0     0xa  cexit.o [5]
  .text               ro code  0x080024ca     0xc  cstartup_M.o [5]
  .text               ro code  0x080024d6     0x2  startup_stm32f0xx.o [1]
  .rodata             const    0x080024d8     0x8  main.o [1]
  .rodata             const    0x080024e0     0x8  main.o [1]
  .rodata             const    0x080024e8     0x8  main.o [1]
  .rodata             const    0x080024f0     0x4  main.o [1]
  SHT$$PREINIT_ARRAY           0x080024f4     0x0  <Block>
  SHT$$INIT_ARRAY              0x080024f4     0x4  <Block>
    .init_array       const    0x080024f4     0x4  ardADC.o [1]
  .text               ro code  0x080024f8     0x2  startup_stm32f0xx.o [1]
  .text               ro code  0x080024fa     0x2  startup_stm32f0xx.o [1]
  .text               ro code  0x080024fc     0x2  startup_stm32f0xx.o [1]
  .text               ro code  0x080024fe     0x2  startup_stm32f0xx.o [1]
  .text               ro code  0x08002500     0x2  startup_stm32f0xx.o [1]
  .text               ro code  0x08002502     0x2  startup_stm32f0xx.o [1]
  .text               ro code  0x08002504     0x2  startup_stm32f0xx.o [1]
  .text               ro code  0x08002506     0x2  startup_stm32f0xx.o [1]
  .text               ro code  0x08002508     0x2  startup_stm32f0xx.o [1]
  .text               ro code  0x0800250a     0x2  startup_stm32f0xx.o [1]
  .text               ro code  0x0800250c     0x2  startup_stm32f0xx.o [1]
  .text               ro code  0x0800250e     0x2  startup_stm32f0xx.o [1]
  .text               ro code  0x08002510     0x2  startup_stm32f0xx.o [1]
  .text               ro code  0x08002512     0x2  startup_stm32f0xx.o [1]
  .text               ro code  0x08002514     0x2  startup_stm32f0xx.o [1]
  .rodata             const    0x08002516     0x0  zero_init3.o [5]
  .rodata             const    0x08002516     0x0  copy_init3.o [5]
  Initializer bytes   ro data  0x08002518    0x14  <for P2 s0>
                             - 0x0800252c  0x246c

"P2":                                      0x1170
  P2 s0                        0x20000000    0x14  <Init block>
    .data             inited   0x20000000    0x10  stm32f0xx_rcc.o [1]
    .data             inited   0x20000010     0x4  system_stm32f0xx.o [1]
  .bss                zero     0x20000014   0x10c  ardUSART.o [1]
  .bss                zero     0x20000120     0x4  ardADC.o [1]
  .bss                zero     0x20000128     0x8  stm32f0xx_it.o [1]
  .bss                zero     0x20000130     0x8  stm32f0xx_it.o [1]
  .bss                zero     0x20000138     0x8  xxmemxmalloc.o [3]
  .bss                zero     0x20000140     0x4  ardCRC.o [1]
  .bss                zero     0x20000144     0x4  ardDAC.o [1]
  .bss                zero     0x20000148     0x4  ardTIM.o [1]
  .bss                zero     0x2000014c     0x4  ardTIM.o [1]
  .bss                zero     0x20000150     0x4  ardTIM.o [1]
  .bss                zero     0x20000154     0x4  ardTIM.o [1]
  .bss                zero     0x20000158     0x4  ardTIM.o [1]
  .bss                zero     0x2000015c     0x4  ardTIM.o [1]
  .bss                zero     0x20000160     0x4  main.o [1]
  .bss                zero     0x20000164     0x4  stm32f0xx_it.o [1]
  .bss                zero     0x20000168     0x4  new.o [4]
  .bss                zero     0x2000016c     0x4  xgetmemchunk.o [3]
  CSTACK                       0x20000170   0x800  <Block>
    CSTACK            uninit   0x20000170   0x800  <Block tail>
  HEAP                         0x20000970   0x800  <Block>
    HEAP              uninit   0x20000970   0x800  <Block tail>
                             - 0x20001170  0x1170


*******************************************************************************
*** INIT TABLE
***

          Address     Size
          -------     ----
Zero (__iar_zero_init3)
    1 destination range, total size 0x15c:
          0x20000014  0x15c

Copy (__iar_copy_init3)
    1 source range, total size 0x14:
          0x08002518   0x14
    1 destination range, total size 0x14:
          0x20000000   0x14

Extra (__iar_cstart_call_ctors)



*******************************************************************************
*** MODULE SUMMARY
***

    Module               ro code  ro data  rw data
    ------               -------  -------  -------
C:\Users\Pranav\Documents\IAR Embedded Workbench\IAR-STM32F051R8-SK\Arduino_STM32\Arduino_STM32\Debug\Obj: [1]
    ardADC.o                 300        4        4
    ardCRC.o                  68                 4
    ardDAC.o                 148                 4
    ardGPIO.o                198
    ardTIM.o                 896      640       24
    ardUSART.o               972               268
    main.o                   720       28        4
    startup_stm32f0xx.o      276
    stm32f0xx_adc.o          292
    stm32f0xx_crc.o          136
    stm32f0xx_dac.o          216
    stm32f0xx_gpio.o         306
    stm32f0xx_it.o           636                20
    stm32f0xx_misc.o         120
    stm32f0xx_rcc.o          640       16       16
    stm32f0xx_tim.o          804
    stm32f0xx_usart.o        510
    system_stm32f0xx.o       352        4        4
    ----------------------------------------------
    Total:                 7 590      692      348

command line: [2]
    ----------------------------------------------
    Total:

dl6M_tlf.a: [3]
    abort.o                   10
    cppinit.o                 24
    exit.o                     8
    low_level_init.o           4
    xgetmemchunk.o            44                 4
    xxmemxfree.o             136
    xxmemxmalloc.o           184                 8
    ----------------------------------------------
    Total:                   410                12

dlpp6M_tl_fe.a: [4]
    new.o                                        4
    newop_0.o                 40
    nomemory.o                 8
    ----------------------------------------------
    Total:                    48                 4

rt6M_tl.a: [5]
    ABImemcpy.o               52
    ABImemset.o               52
    I32DivModFast.o          224
    I64DivMod.o              106
    I64DivZer.o                2
    I64Mul.o                  50
    IntDivZer.o                2
    cexit.o                   10
    cmain.o                   26
    cmain_call_ctors.o        32
    copy_init3.o              48
    cstartup_M.o              12
    data_init.o               40
    strlen.o                  16
    zero_init3.o              42
    ----------------------------------------------
    Total:                   714

shb_l.a: [6]
    exit.o                    20
    ----------------------------------------------
    Total:                    20

    Gaps                                         4
    Linker created                     42    4 096
--------------------------------------------------
    Grand Total:           8 782      734    4 464


*******************************************************************************
*** ENTRY LIST
***

Entry                      Address   Size  Type      Object
-----                      -------   ----  ----      ------
?main                   0x08002499         Code  Gb  cmain.o [5]
ADC1_COMP_IRQHandler    0x08001d83   0x1a  Code  Gb  stm32f0xx_it.o [1]
ADC_ChannelConfig       0x08001911   0x16  Code  Gb  stm32f0xx_adc.o [1]
ADC_ClearITPendingBit   0x080019c5    0x4  Code  Gb  stm32f0xx_adc.o [1]
ADC_Cmd                 0x080018f5   0x1c  Code  Gb  stm32f0xx_adc.o [1]
ADC_DeInit              0x080018a5   0x20  Code  Gb  stm32f0xx_adc.o [1]
ADC_GetCalibrationFactor
                        0x08001927   0x3e  Code  Gb  stm32f0xx_adc.o [1]
ADC_GetConversionValue  0x0800196f    0x6  Code  Gb  stm32f0xx_adc.o [1]
ADC_GetFlagStatus       0x0800198d   0x2c  Code  Gb  stm32f0xx_adc.o [1]
ADC_ITConfig            0x08001975   0x18  Code  Gb  stm32f0xx_adc.o [1]
ADC_Init                0x080018c5   0x30  Code  Gb  stm32f0xx_adc.o [1]
ADC_StartOfConversion   0x08001965    0xa  Code  Gb  stm32f0xx_adc.o [1]
APBAHBPrescTable        0x20000000   0x10  Data  Lc  stm32f0xx_rcc.o [1]
CRC_CalcBlockCRC        0x08001aed   0x22  Code  Gb  stm32f0xx_crc.o [1]
CRC_DeInit              0x08001aa1   0x24  Code  Gb  stm32f0xx_crc.o [1]
CRC_ResetDR             0x08001ac5    0xe  Code  Gb  stm32f0xx_crc.o [1]
CRC_ReverseInputDataSelect
                        0x08001ad3   0x14  Code  Gb  stm32f0xx_crc.o [1]
CRC_SetInitRegister     0x08001ae7    0x6  Code  Gb  stm32f0xx_crc.o [1]
CSTACK$$Base            0x20000170          --   Gb  - Linker created -
CSTACK$$Limit           0x20000970          --   Gb  - Linker created -
Crc                     0x20000140    0x4  Data  Gb  ardCRC.o [1]
DAC_Cmd                 0x080019fb   0x28  Code  Gb  stm32f0xx_dac.o [1]
DAC_Init                0x080019c9   0x32  Code  Gb  stm32f0xx_dac.o [1]
DAC_SetChannel1Data     0x08001a53   0x20  Code  Gb  stm32f0xx_dac.o [1]
DAC_SetChannel2Data     0x08001a73   0x20  Code  Gb  stm32f0xx_dac.o [1]
DAC_SoftwareTriggerCmd  0x08001a23   0x30  Code  Gb  stm32f0xx_dac.o [1]
Dac                     0x20000144    0x4  Data  Gb  ardDAC.o [1]
GPIO_Init               0x08000b99   0xbe  Code  Gb  stm32f0xx_gpio.o [1]
GPIO_PinAFConfig        0x08000c5b   0x70  Code  Gb  stm32f0xx_gpio.o [1]
GPIO_ReadInputData      0x08000c57    0x4  Code  Gb  stm32f0xx_gpio.o [1]
HEAP$$Base              0x20000970          --   Gb  - Linker created -
HEAP$$Limit             0x20001170          --   Gb  - Linker created -
HardFault_Handler       0x08001cbf    0x4  Code  Gb  stm32f0xx_it.o [1]
NMI_Handler             0x08001cbd    0x2  Code  Gb  stm32f0xx_it.o [1]
NVIC_Init               0x080009fd   0x6a  Code  Gb  stm32f0xx_misc.o [1]
NVIC_SetPriority(IRQn, unsigned int)
                        0x080013a9   0x8a  Code  Lc  main.o [1]
PendSV_Handler          0x08001cc5    0x2  Code  Gb  stm32f0xx_it.o [1]
RCC_AHBPeriphClockCmd   0x08000749   0x20  Code  Gb  stm32f0xx_rcc.o [1]
RCC_APB1PeriphClockCmd  0x08000791   0x20  Code  Gb  stm32f0xx_rcc.o [1]
RCC_APB2PeriphClockCmd  0x08000771   0x20  Code  Gb  stm32f0xx_rcc.o [1]
RCC_APB2PeriphResetCmd  0x080007b1   0x20  Code  Gb  stm32f0xx_rcc.o [1]
RCC_GetClocksFreq       0x0800057d  0x1c6  Code  Gb  stm32f0xx_rcc.o [1]
Region$$Table$$Base     0x08002438          --   Gb  - Linker created -
Region$$Table$$Limit    0x08002460          --   Gb  - Linker created -
SHT$$INIT_ARRAY$$Base   0x080024f4          --   Gb  - Linker created -
SHT$$INIT_ARRAY$$Limit  0x080024f8          --   Gb  - Linker created -
SHT$$PREINIT_ARRAY$$Base
                        0x080024f4          --   Gb  - Linker created -
SHT$$PREINIT_ARRAY$$Limit
                        0x080024f4          --   Gb  - Linker created -
SVC_Handler             0x08001cc3    0x2  Code  Gb  stm32f0xx_it.o [1]
Serial                  0x20000014  0x10c  Data  Gb  ardUSART.o [1]
SetSysClock()           0x08002047   0xbe  Code  Lc  system_stm32f0xx.o [1]
SysTick_Config(unsigned int)
                        0x08001433   0x32  Code  Lc  main.o [1]
SysTick_Handler         0x08001cc7    0x8  Code  Gb  stm32f0xx_it.o [1]
SystemCoreClock         0x20000010    0x4  Data  Gb  system_stm32f0xx.o [1]
SystemInit              0x08001fd9   0x6e  Code  Gb  system_stm32f0xx.o [1]
TI1_Config              0x08001265   0x3a  Code  Lc  stm32f0xx_tim.o [1]
TI2_Config              0x0800129f   0x48  Code  Lc  stm32f0xx_tim.o [1]
TI3_Config              0x080012f1   0x46  Code  Lc  stm32f0xx_tim.o [1]
TI4_Config              0x08001337   0x4a  Code  Lc  stm32f0xx_tim.o [1]
TIM15_IRQHandler        0x08001f31    0x8  Code  Gb  stm32f0xx_it.o [1]
TIM1_BRK_UP_TRG_COM_IRQHandler
                        0x08001f19    0x8  Code  Gb  stm32f0xx_it.o [1]
TIM1_CC_IRQHandler      0x08001f21    0x8  Code  Gb  stm32f0xx_it.o [1]
TIM2_IRQHandler         0x08001d9d  0x126  Code  Gb  stm32f0xx_it.o [1]
TIM3_IRQHandler         0x08001f29    0x8  Code  Gb  stm32f0xx_it.o [1]
TIM_ClearITPendingBit   0x0800125d    0x8  Code  Gb  stm32f0xx_tim.o [1]
TIM_Cmd                 0x08001107   0x1c  Code  Gb  stm32f0xx_tim.o [1]
TIM_GetITStatus         0x0800122d   0x30  Code  Gb  stm32f0xx_tim.o [1]
TIM_ICInit              0x08001149   0x70  Code  Gb  stm32f0xx_tim.o [1]
TIM_ICStructInit        0x080011b9   0x16  Code  Gb  stm32f0xx_tim.o [1]
TIM_ITConfig            0x08001215   0x18  Code  Gb  stm32f0xx_tim.o [1]
TIM_SetCounter          0x08001103    0x4  Code  Gb  stm32f0xx_tim.o [1]
TIM_SetIC1Prescaler     0x080011cf   0x10  Code  Gb  stm32f0xx_tim.o [1]
TIM_SetIC2Prescaler     0x080011df   0x12  Code  Gb  stm32f0xx_tim.o [1]
TIM_SetIC3Prescaler     0x080011f1   0x10  Code  Gb  stm32f0xx_tim.o [1]
TIM_SetIC4Prescaler     0x08001201   0x12  Code  Gb  stm32f0xx_tim.o [1]
TIM_TimeBaseInit        0x08001085   0x66  Code  Gb  stm32f0xx_tim.o [1]
TIM_TimeBaseStructInit  0x080010eb   0x18  Code  Gb  stm32f0xx_tim.o [1]
TimingDelay             0x20000160    0x4  Data  Lc  main.o [1]
TimingDelay_Decrement()
                        0x08001477   0x16  Code  Gb  main.o [1]
USART1_IRQHandler       0x08001ccf   0xb4  Code  Gb  stm32f0xx_it.o [1]
USART_ClearFlag         0x08000975    0x4  Code  Gb  stm32f0xx_usart.o [1]
USART_ClearITPendingBit
                        0x080009e3   0x18  Code  Gb  stm32f0xx_usart.o [1]
USART_Cmd               0x080008f3   0x1c  Code  Gb  stm32f0xx_usart.o [1]
USART_GetITStatus       0x08000979   0x6a  Code  Gb  stm32f0xx_usart.o [1]
USART_ITConfig          0x08000931   0x44  Code  Gb  stm32f0xx_usart.o [1]
USART_Init              0x080007fd   0xda  Code  Gb  stm32f0xx_usart.o [1]
USART_SendData          0x08000919    0x8  Code  Gb  stm32f0xx_usart.o [1]
USART_StructInit        0x080008d7   0x1c  Code  Gb  stm32f0xx_usart.o [1]
_Nomemory()             0x08001b29    0x8  Code  Gb  nomemory.o [4]
__ADC_data              0x20000120    0x4  Data  Gb  ardADC.o [1]
__ICFEDIT_region_RAM_end__ {Abs}
                        0x20001fff          --   Gb  command line/config [2]
__ICFEDIT_region_RAM_start__ {Abs}
                        0x20000000          --   Gb  command line/config [2]
__ICdone                0x2000015c    0x4  Data  Gb  ardTIM.o [1]
__ICtimerName           0x20000150    0x4  Data  Gb  ardTIM.o [1]
__aeabi_idiv            0x08000aa1         Code  Gb  I32DivModFast.o [5]
__aeabi_idiv0           0x08000ccd         Code  Gb  IntDivZer.o [5]
__aeabi_idivmod         0x08000aa1         Code  Gb  I32DivModFast.o [5]
__aeabi_ldiv0           0x08001fd5         Code  Gb  I64DivZer.o [5]
__aeabi_lmul            0x08001f39         Code  Gb  I64Mul.o [5]
__aeabi_memclr4         0x08000b85         Code  Gb  ABImemset.o [5]
__aeabi_memclr8         0x08000b85         Code  Gb  ABImemset.o [5]
__aeabi_memcpy4         0x08001051         Code  Wk  ABImemcpy.o [5]
__aeabi_uidiv           0x08000aa7         Code  Gb  I32DivModFast.o [5]
__aeabi_uidivmod        0x08000aa7         Code  Gb  I32DivModFast.o [5]
__aeabi_uldivmod        0x08001f6b         Code  Gb  I64DivMod.o [5]
__call_ctors            0x08002481   0x18  Code  Gb  cppinit.o [3]
__cmain                 0x08002499         Code  Gb  cmain.o [5]
__data_Aldata           0x20000138    0x8  Data  Gb  xxmemxmalloc.o [3]
__data_GetMemChunk      0x08001c7d   0x2c  Code  Gb  xgetmemchunk.o [3]
__dutyPointer           0x2000014c    0x4  Data  Gb  ardTIM.o [1]
__exit                  0x08001ca9   0x14  Code  Gb  exit.o [6]
__fallingChannelNo      0x20000158    0x4  Data  Gb  ardTIM.o [1]
__freqPointer           0x20000148    0x4  Data  Gb  ardTIM.o [1]
__iar_Memset4_word      0x08000b55         Code  Gb  ABImemset.o [5]
__iar_New_hand          0x20000168    0x4  Data  Gb  new.o [4]
__iar_copy_init3        0x080023b9   0x30  Code  Gb  copy_init3.o [5]
__iar_cstart_call_ctors
                        0x08002461   0x20  Code  Gb  cmain_call_ctors.o [5]
__iar_data_init3        0x08002411   0x28  Code  Gb  data_init.o [5]
__iar_program_start     0x080024cb         Code  Gb  cstartup_M.o [5]
__iar_zero_init3        0x08000553   0x2a  Code  Gb  zero_init3.o [5]
__low_level_init        0x080024b3    0x4  Code  Gb  low_level_init.o [3]
__risingChannelNo       0x20000154    0x4  Data  Gb  ardTIM.o [1]
__sti__routine          0x08001679    0xe  Code  Lc  ardADC.o [1]
__vector_table          0x08000000         Data  Gb  startup_stm32f0xx.o [1]
_call_main              0x080024a5         Code  Gb  cmain.o [5]
_exit                   0x080024c1         Code  Gb  cexit.o [5]
_main                   0x080024af         Code  Gb  cmain.o [5]
abort                   0x08001be9    0xa  Code  Gb  abort.o [3]
analogRead(GPIO_TypeDef *, unsigned char, int *)
                        0x08001785   0x18  Code  Gb  ardADC.o [1]
analogRead(GPIO_TypeDef *, unsigned char, int *, unsigned char)
                        0x08001687   0xfe  Code  Gb  ardADC.o [1]
crc::begin()            0x08001839   0x24  Code  Gb  ardCRC.o [1]
crc::calcBlockCRC(unsigned int *, unsigned int)
                        0x0800186b   0x12  Code  Gb  ardCRC.o [1]
crc::stop()             0x0800185d    0xe  Code  Gb  ardCRC.o [1]
dac::begin()            0x08001807    0xe  Code  Gb  ardDAC.o [1]
dac::begin(unsigned char)
                        0x080017a5   0x62  Code  Gb  ardDAC.o [1]
dac::out(unsigned short)
                        0x08001815   0x24  Code  Gb  ardDAC.o [1]
delay(unsigned int)     0x08001465   0x12  Code  Gb  main.o [1]
digitalRead(GPIO_TypeDef *, unsigned char)
                        0x08000519   0x22  Code  Gb  ardGPIO.o [1]
digitalWrite(GPIO_TypeDef *, unsigned char, unsigned char)
                        0x080004fd   0x1c  Code  Gb  ardGPIO.o [1]
exit                    0x080024b7    0x8  Code  Gb  exit.o [3]
free                    0x08001bf5   0x82  Code  Gb  xxmemxfree.o [3]
getFrequency(GPIO_TypeDef *, int, unsigned int *, unsigned int *, unsigned int)
                        0x08000cd1  0x328  Code  Gb  ardTIM.o [1]
main                    0x0800148d  0x1a8  Code  Gb  main.o [1]
malloc                  0x08001b31   0xb2  Code  Gb  xxmemxmalloc.o [3]
operator new (unsigned int)
                        0x0800187d   0x28  Code  Gb  newop_0.o [4]
pinAFconfig(GPIO_TypeDef *, unsigned short, unsigned char)
                        0x0800053b   0x18  Code  Gb  ardGPIO.o [1]
pinMode(GPIO_TypeDef *, unsigned char, unsigned char)
                        0x080004db   0x22  Code  Gb  ardGPIO.o [1]
pinMode(GPIO_TypeDef *, unsigned char, unsigned char, unsigned char, unsigned char, unsigned char)
                        0x0800048d   0x4e  Code  Gb  ardGPIO.o [1]
serial::available()     0x08000451   0x1c  Code  Gb  ardUSART.o [1]
serial::begin(unsigned char, unsigned int)
                        0x080000c1  0x124  Code  Gb  ardUSART.o [1]
serial::print(char const *)
                        0x080003af   0x24  Code  Gb  ardUSART.o [1]
serial::print(unsigned long)
                        0x080003d3   0x12  Code  Gb  ardUSART.o [1]
serial::print(unsigned long, unsigned char)
                        0x080002a1  0x10e  Code  Gb  ardUSART.o [1]
serial::println(char const *)
                        0x080003ff   0x18  Code  Gb  ardUSART.o [1]
serial::println(unsigned long, unsigned char)
                        0x080003e5   0x1a  Code  Gb  ardUSART.o [1]
serial::read()          0x08000417   0x34  Code  Gb  ardUSART.o [1]
serial::write(unsigned char *, unsigned int)
                        0x080001e5   0xa0  Code  Gb  ardUSART.o [1]
serial::write(unsigned char)
                        0x08000291   0x10  Code  Gb  ardUSART.o [1]
strlen                  0x08000b89   0x10  Code  Gb  strlen.o [5]
totalDutyCount          0x20000128    0x8  Data  Gb  stm32f0xx_it.o [1]
totalFreqCount          0x20000130    0x8  Data  Gb  stm32f0xx_it.o [1]
updateCounter           0x20000164    0x4  Data  Gb  stm32f0xx_it.o [1]


[1] = C:\Users\Pranav\Documents\IAR Embedded Workbench\IAR-STM32F051R8-SK\Arduino_STM32\Arduino_STM32\Debug\Obj
[2] = command line
[3] = dl6M_tlf.a
[4] = dlpp6M_tl_fe.a
[5] = rt6M_tl.a
[6] = shb_l.a

  8 782 bytes of readonly  code memory
    734 bytes of readonly  data memory
  4 464 bytes of readwrite data memory

Errors: none
Warnings: none
